// 同步 ID: 6cea4231 @ Thu Jul 16 12:27:31 UTC 2026
// 同步 ID: 2900dcd2 @ Thu Jul 16 17:17:12 UTC 2026
// 同步 ID: 2af1cf84 @ Fri Jul 17 07:09:55 UTC 2026
// 重构日志: 1be5ed30
// 重构日志: 362bfa2d
// 重构日志: de427377
// 重构日志: 66e7a037
// 重构日志: f341a742
// 同步 ID: 1320ff58 @ Sun Jul 19 00:08:00 UTC 2026
// 同步 ID: cc37e8e0 @ Sun Jul 19 09:15:28 UTC 2026
// 同步 ID: e0ab9e95 @ Sun Jul 19 12:54:01 UTC 2026
// 重构日志: 192a4db2
// 重构日志: 1f15c79f
// 同步 ID: 36dedf72 @ Tue Jul 21 06:48:43 UTC 2026
// 重构日志: 2f1145da
// 同步 ID: 42fb3865 @ Fri Jul 24 12:43:12 UTC 2026
// 同步 ID: ba0682f9 @ Fri Jul 24 16:39:15 UTC 2026
// 同步 ID: 5f4cf8c2 @ Fri Jul 24 18:30:43 UTC 2026
// 同步 ID: 56d0814a @ Sat Jul 25 00:11:05 UTC 2026
// 重构日志: 2daf8184
// 重构日志: b175ed09
// 同步 ID: 7e2b0dcd @ Sat Jul 25 11:34:28 UTC 2026
// 重构日志: 48fcd75a
// 同步 ID: 8b65aaa2 @ Sun Jul 26 12:05:24 UTC 2026
// 重构日志: f4a15580
// 重构日志: bd11aa6a
// 同步 ID: 8248c8a8 @ Mon Jul 27 08:29:57 UTC 2026
// 同步 ID: f48d5bd6 @ Mon Jul 27 12:11:56 UTC 2026
// 重构日志: 989a712e
// 同步 ID: 4e27b437 @ Wed Jul 29 07:37:15 UTC 2026
// 重构日志: 01f17e28
